// Jest Snapshot v1, https://goo.gl/fbAQLP

exports[`ssrRef babel plugin works 1`] = `
"const ref = ref(1);
const ref2 = ssrRef(2, \\"ref2-BAW7YFDj4E+Qxr+ujqEADg==\\");
const ref3 = ssrRef(3, 'custom-key');
const ref4 = ssrRef(() => 4, \\"ref4-h6IKM1doqCRBR49lWv2V/g==\\");
const async1 = useAsync(() => null, \\"async1-nk1uJ/q39HMoKEMFH33Ryg==\\");
const async2 = useAsync(() => null, 'key');"
`;
